    #####
    #   #
    #H  #
  ###  H##
  #  H H #
### # ## #   ######
#   # ## #####  ..#
#               II#
##### ### #o##  ..#
    #     #########
    #######
